MPLINK 4.49, Linker
Linker Map File - Created Fri May 28 22:05:30 2021

                                 Section Info
                  Section       Type    Address   Location Size(Bytes)
                ---------  ---------  ---------  ---------  ---------
                   .org_0       code   0x000000    program   0x000000
                   .org_1       code   0x000000    program   0x000004
                   .org_2       code   0x000004    program   0x0001e6
   .config_2007_PROJECT.O       code   0x002007    program   0x000002



                              Program Memory Usage 
                               Start         End      
                           ---------   ---------      
                            0x000000    0x000001      
                            0x000004    0x0000f6      
                            0x002007    0x002007      
            246 out of 8454 program addresses used, program memory utilization is 2%



                              Symbols - Sorted by Name
                     Name    Address   Location    Storage File                     
                ---------  ---------  ---------  --------- ---------                
                 A_D_Conv   0x000021    program     static C:\Users\Murad\Desktop\PROJECT\last one\project.ASM
                 CONVERT1   0x0000a2    program     static C:\Users\Murad\Desktop\PROJECT\last one\project.ASM
                    DELAY   0x00008e    program     static C:\Users\Murad\Desktop\PROJECT\last one\project.ASM
                    Delay   0x00007c    program     static C:\Users\Murad\Desktop\PROJECT\last one\project.ASM
                   FINISH   0x0000b4    program     static C:\Users\Murad\Desktop\PROJECT\last one\project.ASM
                  INT_SVC   0x000002    program     static C:\Users\Murad\Desktop\PROJECT\last one\project.ASM
                  Initial   0x000009    program     static C:\Users\Murad\Desktop\PROJECT\last one\project.ASM
              LCD_Display   0x000081    program     static C:\Users\Murad\Desktop\PROJECT\last one\project.ASM
                     LOOP   0x000096    program     static C:\Users\Murad\Desktop\PROJECT\last one\project.ASM
                    Light   0x00003f    program     static C:\Users\Murad\Desktop\PROJECT\last one\project.ASM
                     Main   0x000005    program     static C:\Users\Murad\Desktop\PROJECT\last one\project.ASM
                Main_Loop   0x000006    program     static C:\Users\Murad\Desktop\PROJECT\last one\project.ASM
                 Moisture   0x000050    program     static C:\Users\Murad\Desktop\PROJECT\last one\project.ASM
                      OFF   0x0000f0    program     static C:\Users\Murad\Desktop\PROJECT\last one\project.ASM
                       ON   0x0000eb    program     static C:\Users\Murad\Desktop\PROJECT\last one\project.ASM
                  TESTLED   0x0000d5    program     static C:\Users\Murad\Desktop\PROJECT\last one\project.ASM
                    TESTM   0x0000cf    program     static C:\Users\Murad\Desktop\PROJECT\last one\project.ASM
                 TESTTEMP   0x00009f    program     static C:\Users\Murad\Desktop\PROJECT\last one\project.ASM
              Temperature   0x000027    program     static C:\Users\Murad\Desktop\PROJECT\last one\project.ASM
                     Wait   0x000023    program     static C:\Users\Murad\Desktop\PROJECT\last one\project.ASM
                        X   0x00002c    program     static C:\Users\Murad\Desktop\PROJECT\last one\project.ASM
                       X1   0x000045    program     static C:\Users\Murad\Desktop\PROJECT\last one\project.ASM
                       X2   0x000056    program     static C:\Users\Murad\Desktop\PROJECT\last one\project.ASM
                       X3   0x00007e    program     static C:\Users\Murad\Desktop\PROJECT\last one\project.ASM
                    delay   0x000074    program     static C:\Users\Murad\Desktop\PROJECT\last one\project.ASM
                   endLcd   0x00007b    program     static C:\Users\Murad\Desktop\PROJECT\last one\project.ASM
                      fan   0x00003d    program     static C:\Users\Murad\Desktop\PROJECT\last one\project.ASM
                    finsh   0x000062    program     static C:\Users\Murad\Desktop\PROJECT\last one\project.ASM
                    great   0x000035    program     static C:\Users\Murad\Desktop\PROJECT\last one\project.ASM
              lightsource   0x00004e    program     static C:\Users\Murad\Desktop\PROJECT\last one\project.ASM
                    loop2   0x000077    program     static C:\Users\Murad\Desktop\PROJECT\last one\project.ASM
                     poor   0x0000e4    program     static C:\Users\Murad\Desktop\PROJECT\last one\project.ASM
                    retur   0x0000cf    program     static C:\Users\Murad\Desktop\PROJECT\last one\project.ASM
                     rich   0x0000db    program     static C:\Users\Murad\Desktop\PROJECT\last one\project.ASM
                send_char   0x00006c    program     static C:\Users\Murad\Desktop\PROJECT\last one\project.ASM
                 send_cmd   0x000064    program     static C:\Users\Murad\Desktop\PROJECT\last one\project.ASM
                    small   0x00003a    program     static C:\Users\Murad\Desktop\PROJECT\last one\project.ASM
                waterpump   0x00005f    program     static C:\Users\Murad\Desktop\PROJECT\last one\project.ASM



                              Symbols - Sorted by Address
                     Name    Address   Location    Storage File                     
                ---------  ---------  ---------  --------- ---------                
                  INT_SVC   0x000002    program     static C:\Users\Murad\Desktop\PROJECT\last one\project.ASM
                     Main   0x000005    program     static C:\Users\Murad\Desktop\PROJECT\last one\project.ASM
                Main_Loop   0x000006    program     static C:\Users\Murad\Desktop\PROJECT\last one\project.ASM
                  Initial   0x000009    program     static C:\Users\Murad\Desktop\PROJECT\last one\project.ASM
                 A_D_Conv   0x000021    program     static C:\Users\Murad\Desktop\PROJECT\last one\project.ASM
                     Wait   0x000023    program     static C:\Users\Murad\Desktop\PROJECT\last one\project.ASM
              Temperature   0x000027    program     static C:\Users\Murad\Desktop\PROJECT\last one\project.ASM
                        X   0x00002c    program     static C:\Users\Murad\Desktop\PROJECT\last one\project.ASM
                    great   0x000035    program     static C:\Users\Murad\Desktop\PROJECT\last one\project.ASM
                    small   0x00003a    program     static C:\Users\Murad\Desktop\PROJECT\last one\project.ASM
                      fan   0x00003d    program     static C:\Users\Murad\Desktop\PROJECT\last one\project.ASM
                    Light   0x00003f    program     static C:\Users\Murad\Desktop\PROJECT\last one\project.ASM
                       X1   0x000045    program     static C:\Users\Murad\Desktop\PROJECT\last one\project.ASM
              lightsource   0x00004e    program     static C:\Users\Murad\Desktop\PROJECT\last one\project.ASM
                 Moisture   0x000050    program     static C:\Users\Murad\Desktop\PROJECT\last one\project.ASM
                       X2   0x000056    program     static C:\Users\Murad\Desktop\PROJECT\last one\project.ASM
                waterpump   0x00005f    program     static C:\Users\Murad\Desktop\PROJECT\last one\project.ASM
                    finsh   0x000062    program     static C:\Users\Murad\Desktop\PROJECT\last one\project.ASM
                 send_cmd   0x000064    program     static C:\Users\Murad\Desktop\PROJECT\last one\project.ASM
                send_char   0x00006c    program     static C:\Users\Murad\Desktop\PROJECT\last one\project.ASM
                    delay   0x000074    program     static C:\Users\Murad\Desktop\PROJECT\last one\project.ASM
                    loop2   0x000077    program     static C:\Users\Murad\Desktop\PROJECT\last one\project.ASM
                   endLcd   0x00007b    program     static C:\Users\Murad\Desktop\PROJECT\last one\project.ASM
                    Delay   0x00007c    program     static C:\Users\Murad\Desktop\PROJECT\last one\project.ASM
                       X3   0x00007e    program     static C:\Users\Murad\Desktop\PROJECT\last one\project.ASM
              LCD_Display   0x000081    program     static C:\Users\Murad\Desktop\PROJECT\last one\project.ASM
                    DELAY   0x00008e    program     static C:\Users\Murad\Desktop\PROJECT\last one\project.ASM
                     LOOP   0x000096    program     static C:\Users\Murad\Desktop\PROJECT\last one\project.ASM
                 TESTTEMP   0x00009f    program     static C:\Users\Murad\Desktop\PROJECT\last one\project.ASM
                 CONVERT1   0x0000a2    program     static C:\Users\Murad\Desktop\PROJECT\last one\project.ASM
                   FINISH   0x0000b4    program     static C:\Users\Murad\Desktop\PROJECT\last one\project.ASM
                    retur   0x0000cf    program     static C:\Users\Murad\Desktop\PROJECT\last one\project.ASM
                    TESTM   0x0000cf    program     static C:\Users\Murad\Desktop\PROJECT\last one\project.ASM
                  TESTLED   0x0000d5    program     static C:\Users\Murad\Desktop\PROJECT\last one\project.ASM
                     rich   0x0000db    program     static C:\Users\Murad\Desktop\PROJECT\last one\project.ASM
                     poor   0x0000e4    program     static C:\Users\Murad\Desktop\PROJECT\last one\project.ASM
                       ON   0x0000eb    program     static C:\Users\Murad\Desktop\PROJECT\last one\project.ASM
                      OFF   0x0000f0    program     static C:\Users\Murad\Desktop\PROJECT\last one\project.ASM


